// Jest Snapshot v1, https://goo.gl/fbAQLP

exports[`Home Renders correctly 1`] = `
<RCTSafeAreaView
  emulateUnlessSupported={true}
  style={
    Object {
      "backgroundColor": "orange",
    }
  }
>
  <RCTSafeAreaView
    emulateUnlessSupported={true}
  >
    <View
      style={
        Object {
          "backgroundColor": "orange",
          "display": "flex",
          "height": 1334,
        }
      }
    >
      <View
        style={
          Object {
            "display": "flex",
            "height": 1067.2,
            "width": 750,
          }
        }
      >
        <View
          accessible={true}
          focusable={true}
          onClick={[Function]}
          onResponderGrant={[Function]}
          onResponderMove={[Function]}
          onResponderRelease={[Function]}
          onResponderTerminate={[Function]}
          onResponderTerminationRequest={[Function]}
          onStartShouldSetResponder={[Function]}
          style={
            Object {
              "flex": 1,
              "opacity": 1,
            }
          }
        >
          <View
            alignHeight={false}
            alignWidth={false}
            clickable={true}
            flip={false}
            flipHorizontal={false}
            flipVertical={true}
            friction={6}
            onFlipEnd={[Function]}
            onFlipStart={[Function]}
            perspective={1000}
            style={
              Object {
                "flex": 1,
                "opacity": 1,
                "transform": Array [
                  Object {
                    "perspective": 1000,
                  },
                  Object {
                    "rotateX": "0deg",
                  },
                ],
              }
            }
            useNativeDriver={true}
          >
            <View
              onLayout={[Function]}
              style={
                Array [
                  Object {
                    "flex": 1,
                  },
                  Array [
                    false,
                    false,
                  ],
                ]
              }
            >
              <View
                style={
                  Object {
                    "display": "flex",
                    "height": 1067.2,
                    "justifyContent": "center",
                    "width": 750,
                  }
                }
              >
                <Text
                  style={
                    Array [
                      Object {
                        "textAlign": "center",
                      },
                      Object {
                        "color": "white",
                        "fontSize": 375,
                      },
                    ]
                  }
                >
                  „ÅÇ
                </Text>
              </View>
            </View>
          </View>
        </View>
      </View>
      <View>
        <View
          accessible={true}
          focusable={true}
          onClick={[Function]}
          onResponderGrant={[Function]}
          onResponderMove={[Function]}
          onResponderRelease={[Function]}
          onResponderTerminate={[Function]}
          onResponderTerminationRequest={[Function]}
          onStartShouldSetResponder={[Function]}
          style={
            Object {
              "opacity": 1,
            }
          }
        >
          <Text
            style={
              Object {
                "textAlign": "center",
              }
            }
          >
            All cards
          </Text>
        </View>
        <View
          accessible={true}
          focusable={true}
          onClick={[Function]}
          onResponderGrant={[Function]}
          onResponderMove={[Function]}
          onResponderRelease={[Function]}
          onResponderTerminate={[Function]}
          onResponderTerminationRequest={[Function]}
          onStartShouldSetResponder={[Function]}
          style={
            Object {
              "opacity": 1,
            }
          }
        >
          <Text
            style={
              Object {
                "textAlign": "center",
              }
            }
          >
            Next card
          </Text>
        </View>
      </View>
    </View>
  </RCTSafeAreaView>
</RCTSafeAreaView>
`;
